14 actionable tasks: 2 executed, 12 up-to-date
